TESS classification: 25935 LCs (train/val/test = (18403, 3710, 3822)), unique TICs per split = (4275, 854, 856), n_classes=8, lc_len=1024

======================================================================
[moment] loading (size=base, adapter=lora)
======================================================================
/esat/smcdata/users/kkontras/Image_Dataset/no_backup/envs/tsenv_fm/lib/python3.10/site-packages/momentfm/models/moment.py:174: UserWarning: Only reconstruction head is pre-trained. Classification and forecasting heads must be fine-tuned.
  warnings.warn("Only reconstruction head is pre-trained. Classification and forecasting heads must be fine-tuned.")
  [moment] pool=mean
  [finetune-cls] moment: LoRA r=8 α=16 injected into 48 modules (whole backbone), 0.590M trainable params.
  [finetune-cls] moment: d_embed=768
  [finetune-cls] epoch 1/100  train_loss=0.6928  val_loss=0.5222  val_acc=0.8240
  [finetune-cls] epoch 2/100  train_loss=0.4558  val_loss=0.4733  val_acc=0.8367
  [finetune-cls] epoch 3/100  train_loss=0.3786  val_loss=0.4808  val_acc=0.8493
  [finetune-cls] epoch 4/100  train_loss=0.3209  val_loss=0.4551  val_acc=0.8606
  [finetune-cls] epoch 5/100  train_loss=0.2711  val_loss=0.4715  val_acc=0.8580
  [finetune-cls] epoch 6/100  train_loss=0.2284  val_loss=0.4758  val_acc=0.8650
  [finetune-cls] epoch 7/100  train_loss=0.1946  val_loss=0.5322  val_acc=0.8571
  [finetune-cls] epoch 8/100  train_loss=0.1723  val_loss=0.5576  val_acc=0.8499
  [finetune-cls] epoch 9/100  train_loss=0.1471  val_loss=0.5598  val_acc=0.8612
  [finetune-cls] epoch 10/100  train_loss=0.1285  val_loss=0.6442  val_acc=0.8469
  [finetune-cls] epoch 11/100  train_loss=0.1144  val_loss=0.6215  val_acc=0.8636
  [finetune-cls] epoch 12/100  train_loss=0.1000  val_loss=0.6328  val_acc=0.8604
  [finetune-cls] epoch 13/100  train_loss=0.0956  val_loss=0.6902  val_acc=0.8612
  [finetune-cls] epoch 14/100  train_loss=0.0809  val_loss=0.7830  val_acc=0.8491
  [finetune-cls] epoch 15/100  train_loss=0.0784  val_loss=0.6838  val_acc=0.8601
  [finetune-cls] epoch 16/100  train_loss=0.0720  val_loss=0.7176  val_acc=0.8682
  [finetune-cls] epoch 17/100  train_loss=0.0635  val_loss=0.7262  val_acc=0.8633
  [finetune-cls] epoch 18/100  train_loss=0.0573  val_loss=0.7949  val_acc=0.8561
  [finetune-cls] epoch 19/100  train_loss=0.0622  val_loss=0.8264  val_acc=0.8493
  [finetune-cls] epoch 20/100  train_loss=0.0559  val_loss=0.7764  val_acc=0.8574
  [finetune-cls] epoch 21/100  train_loss=0.0461  val_loss=0.9735  val_acc=0.8550
  [finetune-cls] epoch 22/100  train_loss=0.0461  val_loss=0.8902  val_acc=0.8623
  [finetune-cls] epoch 23/100  train_loss=0.0448  val_loss=0.8037  val_acc=0.8652
  [finetune-cls] epoch 24/100  train_loss=0.0433  val_loss=0.8082  val_acc=0.8690
  [finetune-cls] epoch 25/100  train_loss=0.0387  val_loss=0.8759  val_acc=0.8612
  [finetune-cls] epoch 26/100  train_loss=0.0442  val_loss=0.8075  val_acc=0.8642
  [finetune-cls] epoch 27/100  train_loss=0.0325  val_loss=0.8949  val_acc=0.8550
  [finetune-cls] epoch 28/100  train_loss=0.0448  val_loss=0.8668  val_acc=0.8606
  [finetune-cls] epoch 29/100  train_loss=0.0308  val_loss=0.8938  val_acc=0.8628
  [finetune-cls] epoch 30/100  train_loss=0.0303  val_loss=0.9460  val_acc=0.8596
  [finetune-cls] epoch 31/100  train_loss=0.0352  val_loss=0.8953  val_acc=0.8660
  [finetune-cls] epoch 32/100  train_loss=0.0347  val_loss=0.8595  val_acc=0.8544
  [finetune-cls] epoch 33/100  train_loss=0.0274  val_loss=0.8939  val_acc=0.8590
  [finetune-cls] epoch 34/100  train_loss=0.0341  val_loss=0.8770  val_acc=0.8609
  [finetune-cls] epoch 35/100  train_loss=0.0247  val_loss=0.9531  val_acc=0.8577
  [finetune-cls] epoch 36/100  train_loss=0.0334  val_loss=0.8397  val_acc=0.8623
  [finetune-cls] epoch 37/100  train_loss=0.0232  val_loss=0.9186  val_acc=0.8647
  [finetune-cls] epoch 38/100  train_loss=0.0293  val_loss=0.8572  val_acc=0.8706
  [finetune-cls] epoch 39/100  train_loss=0.0223  val_loss=0.9589  val_acc=0.8631
  [finetune-cls] epoch 40/100  train_loss=0.0280  val_loss=0.8765  val_acc=0.8639
  [finetune-cls] epoch 41/100  train_loss=0.0268  val_loss=0.8712  val_acc=0.8679
  [finetune-cls] epoch 42/100  train_loss=0.0234  val_loss=0.8826  val_acc=0.8650
  [finetune-cls] epoch 43/100  train_loss=0.0231  val_loss=0.8761  val_acc=0.8644
  [finetune-cls] epoch 44/100  train_loss=0.0268  val_loss=0.8908  val_acc=0.8642
  [finetune-cls] epoch 45/100  train_loss=0.0191  val_loss=0.9183  val_acc=0.8682
  [finetune-cls] epoch 46/100  train_loss=0.0252  val_loss=0.9159  val_acc=0.8655
  [finetune-cls] epoch 47/100  train_loss=0.0210  val_loss=0.8846  val_acc=0.8682
  [finetune-cls] epoch 48/100  train_loss=0.0239  val_loss=0.8560  val_acc=0.8650
  [finetune-cls] epoch 49/100  train_loss=0.0184  val_loss=0.9519  val_acc=0.8625
  [finetune-cls] epoch 50/100  train_loss=0.0227  val_loss=0.8851  val_acc=0.8733
  [finetune-cls] epoch 51/100  train_loss=0.0231  val_loss=0.8643  val_acc=0.8685
  [finetune-cls] epoch 52/100  train_loss=0.0162  val_loss=0.9325  val_acc=0.8698
  [finetune-cls] epoch 53/100  train_loss=0.0214  val_loss=0.8880  val_acc=0.8633
  [finetune-cls] epoch 54/100  train_loss=0.0185  val_loss=0.8875  val_acc=0.8739
  [finetune-cls] epoch 55/100  train_loss=0.0211  val_loss=0.8654  val_acc=0.8733
  [finetune-cls] epoch 56/100  train_loss=0.0175  val_loss=0.8615  val_acc=0.8720
  [finetune-cls] epoch 57/100  train_loss=0.0214  val_loss=0.9195  val_acc=0.8687
  [finetune-cls] epoch 58/100  train_loss=0.0178  val_loss=0.9440  val_acc=0.8704
  [finetune-cls] epoch 59/100  train_loss=0.0167  val_loss=0.9069  val_acc=0.8685
  [finetune-cls] epoch 60/100  train_loss=0.0152  val_loss=0.9384  val_acc=0.8666
  [finetune-cls] epoch 61/100  train_loss=0.0217  val_loss=0.9482  val_acc=0.8674
  [finetune-cls] epoch 62/100  train_loss=0.0234  val_loss=0.8261  val_acc=0.8704
  [finetune-cls] epoch 63/100  train_loss=0.0135  val_loss=0.8573  val_acc=0.8733
  [finetune-cls] epoch 64/100  train_loss=0.0183  val_loss=0.9159  val_acc=0.8666
  [finetune-cls] epoch 65/100  train_loss=0.0174  val_loss=0.9093  val_acc=0.8636
  [finetune-cls] epoch 66/100  train_loss=0.0165  val_loss=0.8922  val_acc=0.8685
  [finetune-cls] epoch 67/100  train_loss=0.0134  val_loss=0.8876  val_acc=0.8687
  [finetune-cls] epoch 68/100  train_loss=0.0165  val_loss=0.9483  val_acc=0.8639
  [finetune-cls] epoch 69/100  train_loss=0.0168  val_loss=0.9117  val_acc=0.8733
  [finetune-cls] epoch 70/100  train_loss=0.0157  val_loss=0.9354  val_acc=0.8730
  [finetune-cls] epoch 71/100  train_loss=0.0168  val_loss=0.9239  val_acc=0.8695
  [finetune-cls] epoch 72/100  train_loss=0.0167  val_loss=0.9679  val_acc=0.8725
  [finetune-cls] epoch 73/100  train_loss=0.0157  val_loss=0.8961  val_acc=0.8706
  [finetune-cls] epoch 74/100  train_loss=0.0162  val_loss=0.8833  val_acc=0.8693
  [finetune-cls] early stop at epoch 74: no val improvement for 20 epochs (best val_acc=0.8739 at epoch 54).

[moment] test metrics (best-val checkpoint):
  accuracy: 0.8642
  balanced_accuracy: 0.8553
  macro_f1: 0.8555
  val_accuracy: 0.8739
  d_embed: 768

Per-class F1:
  APERIODIC          f1=0.762  n=201
  CONTACT_ROT        f1=0.808  n=445
  DSCT_BCEP          f1=0.920  n=1048
  ECLIPSE            f1=0.904  n=165
  GDOR_SPB           f1=0.820  n=607
  INSTRUMENT/JUNK    f1=0.880  n=822
  RRLYR_CEPH         f1=0.969  n=199
  SOLARLIKE          f1=0.781  n=335

Confusion matrix (rows=true, cols=pred):
   APER  CONT  DSCT  ECLI  GDOR  INST  RRLY  SOLA
  APER   149     7     6     1     0    28     0    10
  CONT    10   369     7    11    26    20     0     2
  DSCT     0    16   966     1    24    28     1    12
  ECLI     0     2     1   155     2     4     0     1
  GDOR     2    49    38     1   472     7     1    37
  INST    19    11    30     6     3   741     0    12
  RRLY     0     6     2     0     1     1   189     0
  SOLA    10     8     2     3    16    34     0   262

======================================================================
[chronos] loading (size=base, adapter=lora)
======================================================================
  [chronos] pool=mean
  [finetune-cls] chronos: LoRA r=8 α=16 injected into 144 modules (whole backbone), 1.769M trainable params.
  [finetune-cls] chronos: d_embed=768
  [finetune-cls] epoch 1/100  train_loss=0.7598  val_loss=0.6046  val_acc=0.7900
  [finetune-cls] epoch 2/100  train_loss=0.5753  val_loss=0.5534  val_acc=0.8094
  [finetune-cls] epoch 3/100  train_loss=0.5119  val_loss=0.5595  val_acc=0.8156
  [finetune-cls] epoch 4/100  train_loss=0.4718  val_loss=0.5340  val_acc=0.8175
  [finetune-cls] epoch 5/100  train_loss=0.4384  val_loss=0.5519  val_acc=0.8097
  [finetune-cls] epoch 6/100  train_loss=0.4112  val_loss=0.5209  val_acc=0.8356
  [finetune-cls] epoch 7/100  train_loss=0.3874  val_loss=0.4699  val_acc=0.8404
  [finetune-cls] epoch 8/100  train_loss=0.3674  val_loss=0.4731  val_acc=0.8437
  [finetune-cls] epoch 9/100  train_loss=0.3457  val_loss=0.4824  val_acc=0.8418
  [finetune-cls] epoch 10/100  train_loss=0.3295  val_loss=0.4720  val_acc=0.8496
  [finetune-cls] epoch 11/100  train_loss=0.3131  val_loss=0.4876  val_acc=0.8488
  [finetune-cls] epoch 12/100  train_loss=0.3010  val_loss=0.4925  val_acc=0.8434
  [finetune-cls] epoch 13/100  train_loss=0.2863  val_loss=0.4964  val_acc=0.8442
  [finetune-cls] epoch 14/100  train_loss=0.2777  val_loss=0.5271  val_acc=0.8528
  [finetune-cls] epoch 15/100  train_loss=0.2590  val_loss=0.4770  val_acc=0.8528
  [finetune-cls] epoch 16/100  train_loss=0.2473  val_loss=0.4947  val_acc=0.8577
  [finetune-cls] epoch 17/100  train_loss=0.2333  val_loss=0.5155  val_acc=0.8509
  [finetune-cls] epoch 18/100  train_loss=0.2245  val_loss=0.5151  val_acc=0.8493
  [finetune-cls] epoch 19/100  train_loss=0.2070  val_loss=0.5518  val_acc=0.8518
  [finetune-cls] epoch 20/100  train_loss=0.1973  val_loss=0.5262  val_acc=0.8563
  [finetune-cls] epoch 21/100  train_loss=0.1868  val_loss=0.5504  val_acc=0.8480
  [finetune-cls] epoch 22/100  train_loss=0.1757  val_loss=0.5843  val_acc=0.8520
  [finetune-cls] epoch 23/100  train_loss=0.1679  val_loss=0.5918  val_acc=0.8472
  [finetune-cls] epoch 24/100  train_loss=0.1506  val_loss=0.6160  val_acc=0.8518
  [finetune-cls] epoch 25/100  train_loss=0.1408  val_loss=0.6360  val_acc=0.8553
  [finetune-cls] epoch 26/100  train_loss=0.1345  val_loss=0.6690  val_acc=0.8480
  [finetune-cls] epoch 27/100  train_loss=0.1261  val_loss=0.6882  val_acc=0.8515
  [finetune-cls] epoch 28/100  train_loss=0.1192  val_loss=0.7233  val_acc=0.8461
  [finetune-cls] epoch 29/100  train_loss=0.1040  val_loss=0.7338  val_acc=0.8504
  [finetune-cls] epoch 30/100  train_loss=0.1008  val_loss=0.7354  val_acc=0.8544
  [finetune-cls] epoch 31/100  train_loss=0.0934  val_loss=0.7759  val_acc=0.8458
  [finetune-cls] epoch 32/100  train_loss=0.0883  val_loss=0.7688  val_acc=0.8590
  [finetune-cls] epoch 33/100  train_loss=0.0787  val_loss=0.7982  val_acc=0.8534
  [finetune-cls] epoch 34/100  train_loss=0.0721  val_loss=0.7735  val_acc=0.8601
  [finetune-cls] epoch 35/100  train_loss=0.0700  val_loss=0.8768  val_acc=0.8472
  [finetune-cls] epoch 36/100  train_loss=0.0738  val_loss=0.9142  val_acc=0.8472
  [finetune-cls] epoch 37/100  train_loss=0.0678  val_loss=0.8753  val_acc=0.8512
  [finetune-cls] epoch 38/100  train_loss=0.0582  val_loss=0.8878  val_acc=0.8561
  [finetune-cls] epoch 39/100  train_loss=0.0572  val_loss=0.8808  val_acc=0.8534
  [finetune-cls] epoch 40/100  train_loss=0.0554  val_loss=0.9428  val_acc=0.8488
  [finetune-cls] epoch 41/100  train_loss=0.0544  val_loss=0.9674  val_acc=0.8474
  [finetune-cls] epoch 42/100  train_loss=0.0488  val_loss=1.0134  val_acc=0.8482
  [finetune-cls] epoch 43/100  train_loss=0.0487  val_loss=1.0130  val_acc=0.8509
  [finetune-cls] epoch 44/100  train_loss=0.0447  val_loss=0.9777  val_acc=0.8523
  [finetune-cls] epoch 45/100  train_loss=0.0486  val_loss=0.9984  val_acc=0.8464
  [finetune-cls] epoch 46/100  train_loss=0.0434  val_loss=1.0142  val_acc=0.8496
  [finetune-cls] epoch 47/100  train_loss=0.0402  val_loss=1.0305  val_acc=0.8523
  [finetune-cls] epoch 48/100  train_loss=0.0417  val_loss=1.0621  val_acc=0.8488
  [finetune-cls] epoch 49/100  train_loss=0.0363  val_loss=1.1249  val_acc=0.8469
  [finetune-cls] epoch 50/100  train_loss=0.0386  val_loss=1.0564  val_acc=0.8520
  [finetune-cls] epoch 51/100  train_loss=0.0382  val_loss=1.0721  val_acc=0.8520
  [finetune-cls] epoch 52/100  train_loss=0.0410  val_loss=1.0612  val_acc=0.8536
  [finetune-cls] epoch 53/100  train_loss=0.0387  val_loss=1.0222  val_acc=0.8456
  [finetune-cls] epoch 54/100  train_loss=0.0351  val_loss=1.0859  val_acc=0.8491
  [finetune-cls] early stop at epoch 54: no val improvement for 20 epochs (best val_acc=0.8601 at epoch 34).

[chronos] test metrics (best-val checkpoint):
  accuracy: 0.8346
  balanced_accuracy: 0.8291
  macro_f1: 0.8205
  val_accuracy: 0.8601
  d_embed: 768

Per-class F1:
  APERIODIC          f1=0.674  n=201
  CONTACT_ROT        f1=0.721  n=445
  DSCT_BCEP          f1=0.907  n=1048
  ECLIPSE            f1=0.896  n=165
  GDOR_SPB           f1=0.777  n=607
  INSTRUMENT/JUNK    f1=0.891  n=822
  RRLYR_CEPH         f1=0.980  n=199
  SOLARLIKE          f1=0.717  n=335

Confusion matrix (rows=true, cols=pred):
   APER  CONT  DSCT  ECLI  GDOR  INST  RRLY  SOLA
  APER   155     8     5     0     3    17     0    13
  CONT    25   317    11     9    53    10     5    15
  DSCT    10    30   940     0    29    29     0    10
  ECLI     0     3     1   147     0    10     0     4
  GDOR     8    50    39     1   455     4     0    50
  INST    29    17    20     4     5   734     0    13
  RRLY     0     1     0     0     2     0   196     0
  SOLA    32     8     8     2    17    22     0   246

======================================================================
[timesfm] loading (size=base, adapter=lora)
======================================================================
 See https://github.com/google-research/timesfm/blob/master/README.md for updated APIs.
Loaded PyTorch TimesFM, likely because python version is 3.10.20 (main, Mar 11 2026, 17:46:40) [GCC 14.3.0].
Fetching 3 files:   0%|          | 0/3 [00:00<?, ?it/s]Fetching 3 files: 100%|██████████| 3/3 [00:00<00:00, 26602.35it/s]
  [timesfm] pool=last
  [finetune-cls] timesfm: LoRA r=8 α=16 injected into 40 modules (whole backbone), 1.229M trainable params.
  [finetune-cls] timesfm: d_embed=1280
  [finetune-cls] epoch 1/100  train_loss=0.5724  val_loss=0.4549  val_acc=0.8612
  [finetune-cls] epoch 2/100  train_loss=0.3397  val_loss=0.4279  val_acc=0.8695
  [finetune-cls] epoch 3/100  train_loss=0.2559  val_loss=0.4308  val_acc=0.8763
  [finetune-cls] epoch 4/100  train_loss=0.1960  val_loss=0.4741  val_acc=0.8744
  [finetune-cls] epoch 5/100  train_loss=0.1451  val_loss=0.4839  val_acc=0.8765
  [finetune-cls] epoch 6/100  train_loss=0.1184  val_loss=0.4822  val_acc=0.8768
  [finetune-cls] epoch 7/100  train_loss=0.0972  val_loss=0.6176  val_acc=0.8588
  [finetune-cls] epoch 8/100  train_loss=0.0798  val_loss=0.5896  val_acc=0.8744
  [finetune-cls] epoch 9/100  train_loss=0.0631  val_loss=0.5822  val_acc=0.8852
  [finetune-cls] epoch 10/100  train_loss=0.0588  val_loss=0.5479  val_acc=0.8830
  [finetune-cls] epoch 11/100  train_loss=0.0534  val_loss=0.6160  val_acc=0.8787
  [finetune-cls] epoch 12/100  train_loss=0.0480  val_loss=0.5681  val_acc=0.8811
  [finetune-cls] epoch 13/100  train_loss=0.0423  val_loss=0.5903  val_acc=0.8833
  [finetune-cls] epoch 14/100  train_loss=0.0401  val_loss=0.5600  val_acc=0.8873
  [finetune-cls] epoch 15/100  train_loss=0.0425  val_loss=0.6299  val_acc=0.8811
  [finetune-cls] epoch 16/100  train_loss=0.0384  val_loss=0.6514  val_acc=0.8722
  [finetune-cls] epoch 17/100  train_loss=0.0299  val_loss=0.7185  val_acc=0.8698
  [finetune-cls] epoch 18/100  train_loss=0.0376  val_loss=0.6372  val_acc=0.8830
  [finetune-cls] epoch 19/100  train_loss=0.0335  val_loss=0.6866  val_acc=0.8752
  [finetune-cls] epoch 20/100  train_loss=0.0267  val_loss=0.7492  val_acc=0.8706
  [finetune-cls] epoch 21/100  train_loss=0.0306  val_loss=0.7054  val_acc=0.8774
  [finetune-cls] epoch 22/100  train_loss=0.0287  val_loss=0.6855  val_acc=0.8760
  [finetune-cls] epoch 23/100  train_loss=0.0241  val_loss=0.7232  val_acc=0.8693
  [finetune-cls] epoch 24/100  train_loss=0.0273  val_loss=0.6480  val_acc=0.8752
  [finetune-cls] epoch 25/100  train_loss=0.0202  val_loss=0.7304  val_acc=0.8706
  [finetune-cls] epoch 26/100  train_loss=0.0294  val_loss=0.6397  val_acc=0.8806
  [finetune-cls] epoch 27/100  train_loss=0.0208  val_loss=0.7213  val_acc=0.8836
  [finetune-cls] epoch 28/100  train_loss=0.0228  val_loss=0.6764  val_acc=0.8887
  [finetune-cls] epoch 29/100  train_loss=0.0260  val_loss=0.7183  val_acc=0.8765
  [finetune-cls] epoch 30/100  train_loss=0.0221  val_loss=0.7124  val_acc=0.8811
  [finetune-cls] epoch 31/100  train_loss=0.0229  val_loss=0.7087  val_acc=0.8782
  [finetune-cls] epoch 32/100  train_loss=0.0227  val_loss=0.6500  val_acc=0.8846
  [finetune-cls] epoch 33/100  train_loss=0.0204  val_loss=0.7110  val_acc=0.8714
  [finetune-cls] epoch 34/100  train_loss=0.0227  val_loss=0.6839  val_acc=0.8814
  [finetune-cls] epoch 35/100  train_loss=0.0266  val_loss=0.6414  val_acc=0.8792
  [finetune-cls] epoch 36/100  train_loss=0.0171  val_loss=0.7530  val_acc=0.8644
  [finetune-cls] epoch 37/100  train_loss=0.0233  val_loss=0.7691  val_acc=0.8712
  [finetune-cls] epoch 38/100  train_loss=0.0191  val_loss=0.6838  val_acc=0.8771
  [finetune-cls] epoch 39/100  train_loss=0.0243  val_loss=0.6451  val_acc=0.8838
  [finetune-cls] epoch 40/100  train_loss=0.0189  val_loss=0.6708  val_acc=0.8860
  [finetune-cls] epoch 41/100  train_loss=0.0160  val_loss=0.7213  val_acc=0.8749
  [finetune-cls] epoch 42/100  train_loss=0.0248  val_loss=0.6754  val_acc=0.8814
  [finetune-cls] epoch 43/100  train_loss=0.0158  val_loss=0.6831  val_acc=0.8827
  [finetune-cls] epoch 44/100  train_loss=0.0175  val_loss=0.7021  val_acc=0.8752
  [finetune-cls] epoch 45/100  train_loss=0.0199  val_loss=0.7255  val_acc=0.8717
  [finetune-cls] epoch 46/100  train_loss=0.0171  val_loss=0.6610  val_acc=0.8827
  [finetune-cls] epoch 47/100  train_loss=0.0201  val_loss=0.6475  val_acc=0.8819
  [finetune-cls] epoch 48/100  train_loss=0.0097  val_loss=0.7353  val_acc=0.8776
  [finetune-cls] early stop at epoch 48: no val improvement for 20 epochs (best val_acc=0.8887 at epoch 28).

[timesfm] test metrics (best-val checkpoint):
  accuracy: 0.8783
  balanced_accuracy: 0.8704
  macro_f1: 0.8699
  val_accuracy: 0.8887
  d_embed: 1280

Per-class F1:
  APERIODIC          f1=0.793  n=201
  CONTACT_ROT        f1=0.814  n=445
  DSCT_BCEP          f1=0.936  n=1048
  ECLIPSE            f1=0.929  n=165
  GDOR_SPB           f1=0.828  n=607
  INSTRUMENT/JUNK    f1=0.905  n=822
  RRLYR_CEPH         f1=0.967  n=199
  SOLARLIKE          f1=0.786  n=335

Confusion matrix (rows=true, cols=pred):
   APER  CONT  DSCT  ECLI  GDOR  INST  RRLY  SOLA
  APER   155     6     0     0     1    26     0    13
  CONT    10   373     5     9    26    15     1     6
  DSCT     1    20   958     0    24    27     4    14
  ECLI     0     2     0   151     2     5     0     5
  GDOR     1    53    22     0   485     6     1    39
  INST    18     6    11     0     5   765     0    17
  RRLY     0     6     0     0     1     0   192     0
  SOLA     5     6     2     0    20    24     0   278

======================================================================
[timemoe] loading (size=base, adapter=lora)
======================================================================
  [timemoe] pool=last
  [finetune-cls] timemoe: LoRA r=8 α=16 injected into 48 modules (whole backbone), 0.295M trainable params.
  [finetune-cls] timemoe: d_embed=384
  [finetune-cls] epoch 1/100  train_loss=0.6965  val_loss=0.4957  val_acc=0.8453
  [finetune-cls] epoch 2/100  train_loss=0.4039  val_loss=0.4359  val_acc=0.8571
  [finetune-cls] epoch 3/100  train_loss=0.3304  val_loss=0.4143  val_acc=0.8633
  [finetune-cls] epoch 4/100  train_loss=0.2760  val_loss=0.4504  val_acc=0.8598
  [finetune-cls] epoch 5/100  train_loss=0.2347  val_loss=0.4384  val_acc=0.8685
  [finetune-cls] epoch 6/100  train_loss=0.2017  val_loss=0.4590  val_acc=0.8782
  [finetune-cls] epoch 7/100  train_loss=0.1736  val_loss=0.4574  val_acc=0.8765
  [finetune-cls] epoch 8/100  train_loss=0.1441  val_loss=0.4598  val_acc=0.8755
  [finetune-cls] epoch 9/100  train_loss=0.1237  val_loss=0.4993  val_acc=0.8739
  [finetune-cls] epoch 10/100  train_loss=0.1056  val_loss=0.5708  val_acc=0.8642
  [finetune-cls] epoch 11/100  train_loss=0.0810  val_loss=0.6682  val_acc=0.8647
  [finetune-cls] epoch 12/100  train_loss=0.0756  val_loss=0.6560  val_acc=0.8658
  [finetune-cls] epoch 13/100  train_loss=0.0691  val_loss=0.6494  val_acc=0.8736
  [finetune-cls] epoch 14/100  train_loss=0.0481  val_loss=0.7024  val_acc=0.8747
  [finetune-cls] epoch 15/100  train_loss=0.0569  val_loss=0.7052  val_acc=0.8668
  [finetune-cls] epoch 16/100  train_loss=0.0375  val_loss=0.7435  val_acc=0.8698
  [finetune-cls] epoch 17/100  train_loss=0.0398  val_loss=0.7493  val_acc=0.8698
  [finetune-cls] epoch 18/100  train_loss=0.0355  val_loss=0.8250  val_acc=0.8658
  [finetune-cls] epoch 19/100  train_loss=0.0423  val_loss=0.7466  val_acc=0.8701
  [finetune-cls] epoch 20/100  train_loss=0.0307  val_loss=0.7806  val_acc=0.8739
  [finetune-cls] epoch 21/100  train_loss=0.0329  val_loss=0.8003  val_acc=0.8763
  [finetune-cls] epoch 22/100  train_loss=0.0216  val_loss=0.9163  val_acc=0.8682
  [finetune-cls] epoch 23/100  train_loss=0.0365  val_loss=0.8174  val_acc=0.8760
  [finetune-cls] epoch 24/100  train_loss=0.0204  val_loss=0.8353  val_acc=0.8760
  [finetune-cls] epoch 25/100  train_loss=0.0263  val_loss=0.8198  val_acc=0.8822
  [finetune-cls] epoch 26/100  train_loss=0.0240  val_loss=0.8898  val_acc=0.8814
  [finetune-cls] epoch 27/100  train_loss=0.0207  val_loss=0.9186  val_acc=0.8747
  [finetune-cls] epoch 28/100  train_loss=0.0220  val_loss=0.9016  val_acc=0.8728
  [finetune-cls] epoch 29/100  train_loss=0.0150  val_loss=0.9744  val_acc=0.8690
  [finetune-cls] epoch 30/100  train_loss=0.0290  val_loss=0.8503  val_acc=0.8776
  [finetune-cls] epoch 31/100  train_loss=0.0122  val_loss=0.9187  val_acc=0.8801
  [finetune-cls] epoch 32/100  train_loss=0.0246  val_loss=0.8700  val_acc=0.8765
  [finetune-cls] epoch 33/100  train_loss=0.0180  val_loss=0.8970  val_acc=0.8744
  [finetune-cls] epoch 34/100  train_loss=0.0138  val_loss=0.9788  val_acc=0.8663
  [finetune-cls] epoch 35/100  train_loss=0.0151  val_loss=0.9058  val_acc=0.8768
  [finetune-cls] epoch 36/100  train_loss=0.0195  val_loss=0.9084  val_acc=0.8782
  [finetune-cls] epoch 37/100  train_loss=0.0148  val_loss=1.0084  val_acc=0.8690
  [finetune-cls] epoch 38/100  train_loss=0.0153  val_loss=0.9463  val_acc=0.8763
  [finetune-cls] epoch 39/100  train_loss=0.0165  val_loss=0.9275  val_acc=0.8841
  [finetune-cls] epoch 40/100  train_loss=0.0155  val_loss=0.8768  val_acc=0.8806
  [finetune-cls] epoch 41/100  train_loss=0.0173  val_loss=0.9002  val_acc=0.8790
  [finetune-cls] epoch 42/100  train_loss=0.0110  val_loss=0.8732  val_acc=0.8849
  [finetune-cls] epoch 43/100  train_loss=0.0144  val_loss=0.9273  val_acc=0.8733
  [finetune-cls] epoch 44/100  train_loss=0.0128  val_loss=0.8863  val_acc=0.8809
  [finetune-cls] epoch 45/100  train_loss=0.0097  val_loss=0.9972  val_acc=0.8722
  [finetune-cls] epoch 46/100  train_loss=0.0127  val_loss=0.9833  val_acc=0.8814
  [finetune-cls] epoch 47/100  train_loss=0.0110  val_loss=1.0072  val_acc=0.8744
  [finetune-cls] epoch 48/100  train_loss=0.0114  val_loss=1.0606  val_acc=0.8752
  [finetune-cls] epoch 49/100  train_loss=0.0130  val_loss=0.9782  val_acc=0.8782
  [finetune-cls] epoch 50/100  train_loss=0.0161  val_loss=0.9379  val_acc=0.8795
  [finetune-cls] epoch 51/100  train_loss=0.0092  val_loss=0.9265  val_acc=0.8798
  [finetune-cls] epoch 52/100  train_loss=0.0121  val_loss=0.9380  val_acc=0.8817
  [finetune-cls] epoch 53/100  train_loss=0.0107  val_loss=0.9940  val_acc=0.8814
  [finetune-cls] epoch 54/100  train_loss=0.0083  val_loss=0.9493  val_acc=0.8817
  [finetune-cls] epoch 55/100  train_loss=0.0132  val_loss=1.0645  val_acc=0.8728
  [finetune-cls] epoch 56/100  train_loss=0.0144  val_loss=1.0000  val_acc=0.8755
  [finetune-cls] epoch 57/100  train_loss=0.0114  val_loss=0.9590  val_acc=0.8801
  [finetune-cls] epoch 58/100  train_loss=0.0069  val_loss=0.9901  val_acc=0.8757
  [finetune-cls] epoch 59/100  train_loss=0.0118  val_loss=0.9550  val_acc=0.8792
  [finetune-cls] epoch 60/100  train_loss=0.0071  val_loss=1.0584  val_acc=0.8733
  [finetune-cls] epoch 61/100  train_loss=0.0108  val_loss=1.0174  val_acc=0.8801
  [finetune-cls] epoch 62/100  train_loss=0.0093  val_loss=1.0962  val_acc=0.8679
  [finetune-cls] early stop at epoch 62: no val improvement for 20 epochs (best val_acc=0.8849 at epoch 42).

[timemoe] test metrics (best-val checkpoint):
  accuracy: 0.8789
  balanced_accuracy: 0.8741
  macro_f1: 0.8708
  val_accuracy: 0.8849
  d_embed: 384

Per-class F1:
  APERIODIC          f1=0.791  n=201
  CONTACT_ROT        f1=0.793  n=445
  DSCT_BCEP          f1=0.938  n=1048
  ECLIPSE            f1=0.929  n=165
  GDOR_SPB           f1=0.816  n=607
  INSTRUMENT/JUNK    f1=0.911  n=822
  RRLYR_CEPH         f1=0.972  n=199
  SOLARLIKE          f1=0.817  n=335

Confusion matrix (rows=true, cols=pred):
   APER  CONT  DSCT  ECLI  GDOR  INST  RRLY  SOLA
  APER   168     8     1     1     1    19     0     3
  CONT     9   353    13    10    44    13     0     3
  DSCT     3    18   974     0    26    20     2     5
  ECLI     1     1     0   156     2     4     0     1
  GDOR     2    47    33     0   490     4     1    30
  INST    28    10     7     2     5   760     0    10
  RRLY     0     6     0     0     2     0   191     0
  SOLA    13     2     1     2    24    26     0   267

======================================================================
[moirai] loading (size=base, adapter=lora)
======================================================================
  [moirai] pool=mean
  [finetune-cls] moirai: LoRA r=8 α=16 injected into 48 modules (whole backbone), 0.590M trainable params.
  [finetune-cls] moirai: d_embed=768
  [finetune-cls] epoch 1/100  train_loss=0.6859  val_loss=0.4933  val_acc=0.8337
  [finetune-cls] epoch 2/100  train_loss=0.4215  val_loss=0.4411  val_acc=0.8571
  [finetune-cls] epoch 3/100  train_loss=0.3297  val_loss=0.4398  val_acc=0.8655
  [finetune-cls] epoch 4/100  train_loss=0.2616  val_loss=0.4297  val_acc=0.8730
  [finetune-cls] epoch 5/100  train_loss=0.2151  val_loss=0.4395  val_acc=0.8706
  [finetune-cls] epoch 6/100  train_loss=0.1617  val_loss=0.4450  val_acc=0.8795
  [finetune-cls] epoch 7/100  train_loss=0.1391  val_loss=0.5091  val_acc=0.8682
  [finetune-cls] epoch 8/100  train_loss=0.1138  val_loss=0.5430  val_acc=0.8749
  [finetune-cls] epoch 9/100  train_loss=0.0980  val_loss=0.6045  val_acc=0.8615
  [finetune-cls] epoch 10/100  train_loss=0.0908  val_loss=0.5521  val_acc=0.8779
  [finetune-cls] epoch 11/100  train_loss=0.0720  val_loss=0.5526  val_acc=0.8709
  [finetune-cls] epoch 12/100  train_loss=0.0710  val_loss=0.5416  val_acc=0.8747
  [finetune-cls] epoch 13/100  train_loss=0.0606  val_loss=0.5981  val_acc=0.8658
  [finetune-cls] epoch 14/100  train_loss=0.0606  val_loss=0.5563  val_acc=0.8803
  [finetune-cls] epoch 15/100  train_loss=0.0557  val_loss=0.6078  val_acc=0.8782
  [finetune-cls] epoch 16/100  train_loss=0.0525  val_loss=0.6333  val_acc=0.8709
  [finetune-cls] epoch 17/100  train_loss=0.0502  val_loss=0.6169  val_acc=0.8741
  [finetune-cls] epoch 18/100  train_loss=0.0451  val_loss=0.6507  val_acc=0.8779
  [finetune-cls] epoch 19/100  train_loss=0.0415  val_loss=0.6561  val_acc=0.8730
  [finetune-cls] epoch 20/100  train_loss=0.0447  val_loss=0.6668  val_acc=0.8704
  [finetune-cls] epoch 21/100  train_loss=0.0462  val_loss=0.5943  val_acc=0.8782
  [finetune-cls] epoch 22/100  train_loss=0.0373  val_loss=0.6659  val_acc=0.8739
  [finetune-cls] epoch 23/100  train_loss=0.0353  val_loss=0.6209  val_acc=0.8809
  [finetune-cls] epoch 24/100  train_loss=0.0383  val_loss=0.6797  val_acc=0.8784
  [finetune-cls] epoch 25/100  train_loss=0.0364  val_loss=0.6163  val_acc=0.8801
  [finetune-cls] epoch 26/100  train_loss=0.0355  val_loss=0.6532  val_acc=0.8712
  [finetune-cls] epoch 27/100  train_loss=0.0325  val_loss=0.6239  val_acc=0.8784
  [finetune-cls] epoch 28/100  train_loss=0.0327  val_loss=0.6931  val_acc=0.8695
  [finetune-cls] epoch 29/100  train_loss=0.0372  val_loss=0.6560  val_acc=0.8771
  [finetune-cls] epoch 30/100  train_loss=0.0329  val_loss=0.6504  val_acc=0.8701
  [finetune-cls] epoch 31/100  train_loss=0.0280  val_loss=0.6397  val_acc=0.8825
  [finetune-cls] epoch 32/100  train_loss=0.0283  val_loss=0.6835  val_acc=0.8714
  [finetune-cls] epoch 33/100  train_loss=0.0299  val_loss=0.7181  val_acc=0.8663
  [finetune-cls] epoch 34/100  train_loss=0.0277  val_loss=0.6745  val_acc=0.8717
  [finetune-cls] epoch 35/100  train_loss=0.0315  val_loss=0.6674  val_acc=0.8741
  [finetune-cls] epoch 36/100  train_loss=0.0266  val_loss=0.7920  val_acc=0.8655
  [finetune-cls] epoch 37/100  train_loss=0.0308  val_loss=0.6680  val_acc=0.8838
  [finetune-cls] epoch 38/100  train_loss=0.0289  val_loss=0.7042  val_acc=0.8763
  [finetune-cls] epoch 39/100  train_loss=0.0245  val_loss=0.6841  val_acc=0.8733
  [finetune-cls] epoch 40/100  train_loss=0.0287  val_loss=0.7250  val_acc=0.8679
  [finetune-cls] epoch 41/100  train_loss=0.0281  val_loss=0.6707  val_acc=0.8717
  [finetune-cls] epoch 42/100  train_loss=0.0264  val_loss=0.6300  val_acc=0.8779
  [finetune-cls] epoch 43/100  train_loss=0.0265  val_loss=0.6957  val_acc=0.8706
  [finetune-cls] epoch 44/100  train_loss=0.0236  val_loss=0.7549  val_acc=0.8690
  [finetune-cls] epoch 45/100  train_loss=0.0226  val_loss=0.6578  val_acc=0.8784
  [finetune-cls] epoch 46/100  train_loss=0.0266  val_loss=0.6680  val_acc=0.8749
  [finetune-cls] epoch 47/100  train_loss=0.0259  val_loss=0.5743  val_acc=0.8809
  [finetune-cls] epoch 48/100  train_loss=0.0249  val_loss=0.6544  val_acc=0.8787
  [finetune-cls] epoch 49/100  train_loss=0.0178  val_loss=0.7527  val_acc=0.8725
  [finetune-cls] epoch 50/100  train_loss=0.0236  val_loss=0.8051  val_acc=0.8636
  [finetune-cls] epoch 51/100  train_loss=0.0246  val_loss=0.6643  val_acc=0.8803
  [finetune-cls] epoch 52/100  train_loss=0.0197  val_loss=0.6913  val_acc=0.8803
  [finetune-cls] epoch 53/100  train_loss=0.0275  val_loss=0.7034  val_acc=0.8720
  [finetune-cls] epoch 54/100  train_loss=0.0181  val_loss=0.7204  val_acc=0.8739
  [finetune-cls] epoch 55/100  train_loss=0.0294  val_loss=0.6845  val_acc=0.8825
  [finetune-cls] epoch 56/100  train_loss=0.0257  val_loss=0.7087  val_acc=0.8739
  [finetune-cls] epoch 57/100  train_loss=0.0248  val_loss=0.7592  val_acc=0.8739
  [finetune-cls] early stop at epoch 57: no val improvement for 20 epochs (best val_acc=0.8838 at epoch 37).

[moirai] test metrics (best-val checkpoint):
  accuracy: 0.8760
  balanced_accuracy: 0.8613
  macro_f1: 0.8672
  val_accuracy: 0.8838
  d_embed: 768

Per-class F1:
  APERIODIC          f1=0.774  n=201
  CONTACT_ROT        f1=0.806  n=445
  DSCT_BCEP          f1=0.926  n=1048
  ECLIPSE            f1=0.919  n=165
  GDOR_SPB           f1=0.836  n=607
  INSTRUMENT/JUNK    f1=0.904  n=822
  RRLYR_CEPH         f1=0.977  n=199
  SOLARLIKE          f1=0.796  n=335

Confusion matrix (rows=true, cols=pred):
   APER  CONT  DSCT  ECLI  GDOR  INST  RRLY  SOLA
  APER   147    11     1     0     5    17     0    20
  CONT     7   337     9     9    48    17     4    14
  DSCT     1    15   945     0    41    42     0     4
  ECLI     0     2     0   148     2     9     0     4
  GDOR     0    14    27     0   534    12     0    20
  INST    18     5    11     0     3   772     0    13
  RRLY     0     3     0     0     2     0   194     0
  SOLA     6     4     1     0    36    17     0   271
  ! granite_ttm: LoRA is a no-op (no attention projections); use --adapter full or last_n. Skipping.

======================================================================
Summary (LoRA fine-tune, seed=42, adapter=lora)
======================================================================
          model     acc   bal_acc   macro_f1   val_acc
         moment  0.8642  0.8553  0.8555   0.8739
        chronos  0.8346  0.8291  0.8205   0.8601
        timesfm  0.8783  0.8704  0.8699   0.8887
        timemoe  0.8789  0.8741  0.8708   0.8849
         moirai  0.8760  0.8613  0.8672   0.8838

Wrote: plots/tess/lora_krakas
