/esat/smcdata/users/kkontras/Image_Dataset/no_backup/envs/tsenv_fm/lib/python3.10/site-packages/momentfm/models/moment.py:174: UserWarning: Only reconstruction head is pre-trained. Classification and forecasting heads must be fine-tuned.
  warnings.warn("Only reconstruction head is pre-trained. Classification and forecasting heads must be fine-tuned.")
/esat/smcdata/users/kkontras/Image_Dataset/no_backup/envs/tsenv_fm/lib/python3.10/site-packages/sklearn/linear_model/_logistic.py:1272: FutureWarning: 'multi_class' was deprecated in version 1.5 and will be removed in 1.8. From then on, it will always use 'multinomial'. Leave it to its default value to avoid this warning.
  warnings.warn(
TESS classification: 25935 LCs (train/val/test = (18403, 3710, 3822)), unique TICs per split = (4275, 854, 856), n_classes=8, lc_len=1024

======================================================================
[moment] loading (size=base)
======================================================================
  [moment] pool=mean
  [moment] extracting train embeddings...
  [moment] extracting val embeddings...
  [moment] extracting test embeddings...
  [moment] train=(18403, 768) val=(3710, 768) test=(3822, 768)
/esat/smcdata/users/kkontras/Image_Dataset/no_backup/envs/tsenv_fm/lib/python3.10/site-packages/sklearn/linear_model/_logistic.py:1272: FutureWarning: 'multi_class' was deprecated in version 1.5 and will be removed in 1.8. From then on, it will always use 'multinomial'. Leave it to its default value to avoid this warning.
  warnings.warn(

[moment] test metrics:
  accuracy: 0.8349
  balanced_accuracy: 0.8277
  macro_f1: 0.8287
  val_accuracy: 0.8353
  val_balanced_accuracy: 0.8291
  d_embed: 768

Per-class F1:
  APERIODIC          f1=0.711  n=201
  CONTACT_ROT        f1=0.745  n=445
  DSCT_BCEP          f1=0.900  n=1048
  ECLIPSE            f1=0.924  n=165
  GDOR_SPB           f1=0.789  n=607
  INSTRUMENT/JUNK    f1=0.858  n=822
  RRLYR_CEPH         f1=0.972  n=199
  SOLARLIKE          f1=0.730  n=335

Confusion matrix (rows=true, cols=pred):
   APER  CONT  DSCT  ECLI  GDOR  INST  RRLY  SOLA
  APER   138     3     4     0     1    35     0    20
  CONT    12   333     9    11    36    27     2    15
  DSCT     4    27   918     0    36    43     1    19
  ECLI     1     2     1   152     1     6     0     2
  GDOR     1    53    40     0   473     8     0    32
  INST    23    18    16     1    12   731     0    21
  RRLY     0     5     0     0     3     0   191     0
  SOLA     8     8     3     0    30    31     0   255

======================================================================
[chronos] loading (size=base)
======================================================================
  [chronos] pool=mean
  [chronos] extracting train embeddings...
  [chronos] extracting val embeddings...
  [chronos] extracting test embeddings...
  [chronos] train=(18403, 768) val=(3710, 768) test=(3822, 768)

[chronos] test metrics:
  accuracy: 0.8197
  balanced_accuracy: 0.8115
  macro_f1: 0.8072
  val_accuracy: 0.8334
  val_balanced_accuracy: 0.8262
  d_embed: 768

Per-class F1:
  APERIODIC          f1=0.649  n=201
  CONTACT_ROT        f1=0.694  n=445
  DSCT_BCEP          f1=0.890  n=1048
  ECLIPSE            f1=0.897  n=165
  GDOR_SPB           f1=0.753  n=607
  INSTRUMENT/JUNK    f1=0.880  n=822
  RRLYR_CEPH         f1=0.982  n=199
  SOLARLIKE          f1=0.712  n=335

Confusion matrix (rows=true, cols=pred):
   APER  CONT  DSCT  ECLI  GDOR  INST  RRLY  SOLA
  APER   138     6     4     0     4    32     0    17
  CONT    15   298    12    13    67    17     2    21
  DSCT    17    26   904     0    34    54     0    13
  ECLI     2     2     0   148     0     8     0     5
  GDOR     8    56    44     0   446     5     0    48
  INST    20    11    17     3     2   754     0    15
  RRLY     0     3     0     0     1     1   194     0
  SOLA    24    12     3     1    24    20     0   251

======================================================================
[timesfm] loading (size=base)
======================================================================
 See https://github.com/google-research/timesfm/blob/master/README.md for updated APIs.
Loaded PyTorch TimesFM, likely because python version is 3.10.20 (main, Mar 11 2026, 17:46:40) [GCC 14.3.0].
Fetching 3 files:   0%|          | 0/3 [00:00<?, ?it/s]Fetching 3 files: 100%|██████████| 3/3 [00:00<00:00, 1024.58it/s]
/esat/smcdata/users/kkontras/Image_Dataset/no_backup/envs/tsenv_fm/lib/python3.10/site-packages/sklearn/linear_model/_logistic.py:1272: FutureWarning: 'multi_class' was deprecated in version 1.5 and will be removed in 1.8. From then on, it will always use 'multinomial'. Leave it to its default value to avoid this warning.
  warnings.warn(
/esat/smcdata/users/kkontras/Image_Dataset/no_backup/envs/tsenv_fm/lib/python3.10/site-packages/sklearn/linear_model/_logistic.py:1272: FutureWarning: 'multi_class' was deprecated in version 1.5 and will be removed in 1.8. From then on, it will always use 'multinomial'. Leave it to its default value to avoid this warning.
  warnings.warn(
  [timesfm] pool=last
  [timesfm] extracting train embeddings...
  [timesfm] extracting val embeddings...
  [timesfm] extracting test embeddings...
  [timesfm] train=(18403, 1280) val=(3710, 1280) test=(3822, 1280)

[timesfm] test metrics:
  accuracy: 0.8239
  balanced_accuracy: 0.8154
  macro_f1: 0.8143
  val_accuracy: 0.8202
  val_balanced_accuracy: 0.8081
  d_embed: 1280

Per-class F1:
  APERIODIC          f1=0.744  n=201
  CONTACT_ROT        f1=0.727  n=445
  DSCT_BCEP          f1=0.894  n=1048
  ECLIPSE            f1=0.877  n=165
  GDOR_SPB           f1=0.756  n=607
  INSTRUMENT/JUNK    f1=0.864  n=822
  RRLYR_CEPH         f1=0.922  n=199
  SOLARLIKE          f1=0.729  n=335

Confusion matrix (rows=true, cols=pred):
   APER  CONT  DSCT  ECLI  GDOR  INST  RRLY  SOLA
  APER   151     9     3     0     5    22     0    11
  CONT    13   327    12    10    54    12     6    11
  DSCT     3    26   918     1    41    43     5    11
  ECLI     1     2     0   143     2    11     1     5
  GDOR     3    45    43     2   464     5     2    43
  INST    28    20    23     5    14   715     1    16
  RRLY     0    10     1     0     5     0   183     0
  SOLA     6    15     5     0    35    26     0   248

======================================================================
[timemoe] loading (size=base)
======================================================================
  [timemoe] pool=last
  [timemoe] extracting train embeddings...
  [timemoe] extracting val embeddings...
  [timemoe] extracting test embeddings...
  [timemoe] train=(18403, 384) val=(3710, 384) test=(3822, 384)
/esat/smcdata/users/kkontras/Image_Dataset/no_backup/envs/tsenv_fm/lib/python3.10/site-packages/sklearn/linear_model/_logistic.py:1272: FutureWarning: 'multi_class' was deprecated in version 1.5 and will be removed in 1.8. From then on, it will always use 'multinomial'. Leave it to its default value to avoid this warning.
  warnings.warn(

[timemoe] test metrics:
  accuracy: 0.7909
  balanced_accuracy: 0.7804
  macro_f1: 0.7803
  val_accuracy: 0.7916
  val_balanced_accuracy: 0.7796
  d_embed: 384

Per-class F1:
  APERIODIC          f1=0.692  n=201
  CONTACT_ROT        f1=0.651  n=445
  DSCT_BCEP          f1=0.881  n=1048
  ECLIPSE            f1=0.888  n=165
  GDOR_SPB           f1=0.694  n=607
  INSTRUMENT/JUNK    f1=0.847  n=822
  RRLYR_CEPH         f1=0.929  n=199
  SOLARLIKE          f1=0.661  n=335

Confusion matrix (rows=true, cols=pred):
   APER  CONT  DSCT  ECLI  GDOR  INST  RRLY  SOLA
  APER   137     7     6     0     3    35     0    13
  CONT    12   296    14     9    54    30     4    26
  DSCT    13    42   898     1    32    47     3    12
  ECLI     0     3     0   146     1    10     0     5
  GDOR     3    77    51     0   391    20     4    61
  INST    22    16    10     4    10   740     0    20
  RRLY     0    10     3     0     4     0   182     0
  SOLA     8    14     9     4    24    43     0   233

======================================================================
[moirai] loading (size=base)
======================================================================
  [moirai] pool=mean
  [moirai] extracting train embeddings...
  [moirai] extracting val embeddings...
  [moirai] extracting test embeddings...
  [moirai] train=(18403, 768) val=(3710, 768) test=(3822, 768)
/esat/smcdata/users/kkontras/Image_Dataset/no_backup/envs/tsenv_fm/lib/python3.10/site-packages/gluonts/time_feature/lag.py:104: FutureWarning: 'Q' is deprecated and will be removed in a future version, please use 'QE' instead.
  offset = to_offset(freq_str)
/esat/smcdata/users/kkontras/Image_Dataset/no_backup/envs/tsenv_fm/lib/python3.10/site-packages/gluonts/time_feature/lag.py:104: FutureWarning: 'M' is deprecated and will be removed in a future version, please use 'ME' instead.
  offset = to_offset(freq_str)
/esat/smcdata/users/kkontras/Image_Dataset/no_backup/envs/tsenv_fm/lib/python3.10/site-packages/gluonts/time_feature/lag.py:104: FutureWarning: 'H' is deprecated and will be removed in a future version, please use 'h' instead.
  offset = to_offset(freq_str)
/esat/smcdata/users/kkontras/Image_Dataset/no_backup/envs/tsenv_fm/lib/python3.10/site-packages/gluonts/time_feature/lag.py:104: FutureWarning: 'T' is deprecated and will be removed in a future version, please use 'min' instead.
  offset = to_offset(freq_str)
/esat/smcdata/users/kkontras/Image_Dataset/no_backup/envs/tsenv_fm/lib/python3.10/site-packages/gluonts/time_feature/lag.py:104: FutureWarning: 'S' is deprecated and will be removed in a future version, please use 's' instead.
  offset = to_offset(freq_str)
/esat/smcdata/users/kkontras/Image_Dataset/no_backup/envs/tsenv_fm/lib/python3.10/site-packages/lightning/fabric/utilities/cloud_io.py:56: You are using `torch.load` with `weights_only=False` (the current default value), which uses the default pickle module implicitly. It is possible to construct malicious pickle data which will execute arbitrary code during unpickling (See https://github.com/pytorch/pytorch/blob/main/SECURITY.md#untrusted-models for more details). In a future release, the default value for `weights_only` will be flipped to `True`. This limits the functions that could be executed during unpickling. Arbitrary objects will no longer be allowed to be loaded via this mode unless they are explicitly allowlisted by the user via `torch.serialization.add_safe_globals`. We recommend you start setting `weights_only=True` for any use case where you don't have full control of the loaded file. Please open an issue on GitHub for any issues related to this experimental feature.
/esat/smcdata/users/kkontras/Image_Dataset/no_backup/envs/tsenv_fm/lib/python3.10/site-packages/gluonts/time_feature/_base.py:243: FutureWarning: 'S' is deprecated and will be removed in a future version, please use 's' instead.
  offset = to_offset(freq_str)

[moirai] test metrics:
  accuracy: 0.8095
  balanced_accuracy: 0.8131
  macro_f1: 0.8053
  val_accuracy: 0.8140
  val_balanced_accuracy: 0.8245
  d_embed: 768

Per-class F1:
  APERIODIC          f1=0.727  n=201
  CONTACT_ROT        f1=0.693  n=445
  DSCT_BCEP          f1=0.877  n=1048
  ECLIPSE            f1=0.888  n=165
  GDOR_SPB           f1=0.744  n=607
  INSTRUMENT/JUNK    f1=0.848  n=822
  RRLYR_CEPH         f1=0.957  n=199
  SOLARLIKE          f1=0.707  n=335

Confusion matrix (rows=true, cols=pred):
   APER  CONT  DSCT  ECLI  GDOR  INST  RRLY  SOLA
  APER   156     6     1     0     1    23     0    14
  CONT    16   300    13    11    49    28     7    21
  DSCT     9    31   886     0    38    64     0    20
  ECLI     0     4     0   147     0    10     0     4
  GDOR     3    48    41     0   432    10     0    73
  INST    31    15    30     7     7   724     0     8
  RRLY     0     8     0     0     2     0   189     0
  SOLA    13     9     1     1    25    26     0   260

======================================================================
[lagllama] loading (size=base)
======================================================================
  [lagllama] pool=last
  [lagllama] extracting train embeddings...
    [lagllama] forecast batch 10 (batch_size=16) — 20:58:56
    [lagllama] forecast batch 20 (batch_size=16) — 21:01:42
    [lagllama] forecast batch 30 (batch_size=16) — 21:04:28
    [lagllama] forecast batch 40 (batch_size=16) — 21:07:14
    [lagllama] forecast batch 50 (batch_size=16) — 21:10:00
    [lagllama] forecast batch 60 (batch_size=16) — 21:12:47
    [lagllama] forecast batch 70 (batch_size=16) — 21:15:33
    [lagllama] forecast batch 80 (batch_size=16) — 21:18:19
    [lagllama] forecast batch 90 (batch_size=16) — 21:21:05
    [lagllama] forecast batch 100 (batch_size=16) — 21:23:52
    [lagllama] forecast batch 110 (batch_size=16) — 21:26:38
    [lagllama] forecast batch 120 (batch_size=16) — 21:29:24
    [lagllama] forecast batch 130 (batch_size=16) — 21:32:10
    [lagllama] forecast batch 140 (batch_size=16) — 21:34:56
    [lagllama] forecast batch 150 (batch_size=16) — 21:37:42
    [lagllama] forecast batch 160 (batch_size=16) — 21:40:28
    [lagllama] forecast batch 170 (batch_size=16) — 21:43:15
    [lagllama] forecast batch 180 (batch_size=16) — 21:46:01
    [lagllama] forecast batch 190 (batch_size=16) — 21:48:47
    [lagllama] forecast batch 200 (batch_size=16) — 21:51:33
    [lagllama] forecast batch 210 (batch_size=16) — 21:54:19
    [lagllama] forecast batch 220 (batch_size=16) — 21:57:06
    [lagllama] forecast batch 230 (batch_size=16) — 21:59:52
    [lagllama] forecast batch 240 (batch_size=16) — 22:02:38
    [lagllama] forecast batch 250 (batch_size=16) — 22:05:24
    [lagllama] forecast batch 260 (batch_size=16) — 22:08:10
    [lagllama] forecast batch 270 (batch_size=16) — 22:10:56
    [lagllama] forecast batch 280 (batch_size=16) — 22:13:43
    [lagllama] forecast batch 290 (batch_size=16) — 22:16:29
    [lagllama] forecast batch 300 (batch_size=16) — 22:19:15
    [lagllama] forecast batch 310 (batch_size=16) — 22:22:01
    [lagllama] forecast batch 320 (batch_size=16) — 22:24:47
    [lagllama] forecast batch 330 (batch_size=16) — 22:27:33
    [lagllama] forecast batch 340 (batch_size=16) — 22:30:20
    [lagllama] forecast batch 350 (batch_size=16) — 22:33:06
    [lagllama] forecast batch 360 (batch_size=16) — 22:35:52
    [lagllama] forecast batch 370 (batch_size=16) — 22:38:38
    [lagllama] forecast batch 380 (batch_size=16) — 22:41:24
    [lagllama] forecast batch 390 (batch_size=16) — 22:44:11
    [lagllama] forecast batch 400 (batch_size=16) — 22:46:57
    [lagllama] forecast batch 410 (batch_size=16) — 22:49:43
    [lagllama] forecast batch 420 (batch_size=16) — 22:52:29
    [lagllama] forecast batch 430 (batch_size=16) — 22:55:15
    [lagllama] forecast batch 440 (batch_size=16) — 22:58:01
    [lagllama] forecast batch 450 (batch_size=16) — 23:00:48
    [lagllama] forecast batch 460 (batch_size=16) — 23:03:34
    [lagllama] forecast batch 470 (batch_size=16) — 23:06:20
    [lagllama] forecast batch 480 (batch_size=16) — 23:09:06
    [lagllama] forecast batch 490 (batch_size=16) — 23:11:52
    [lagllama] forecast batch 500 (batch_size=16) — 23:14:39
    [lagllama] forecast batch 510 (batch_size=16) — 23:17:25
    [lagllama] forecast batch 520 (batch_size=16) — 23:20:11
    [lagllama] forecast batch 530 (batch_size=16) — 23:22:57
    [lagllama] forecast batch 540 (batch_size=16) — 23:25:43
    [lagllama] forecast batch 550 (batch_size=16) — 23:28:29
    [lagllama] forecast batch 560 (batch_size=16) — 23:31:16
    [lagllama] forecast batch 570 (batch_size=16) — 23:34:02
    [lagllama] forecast batch 580 (batch_size=16) — 23:36:48
    [lagllama] forecast batch 590 (batch_size=16) — 23:39:34
    [lagllama] forecast batch 600 (batch_size=16) — 23:42:20
    [lagllama] forecast batch 610 (batch_size=16) — 23:45:06
    [lagllama] forecast batch 620 (batch_size=16) — 23:47:53
    [lagllama] forecast batch 630 (batch_size=16) — 23:50:39
    [lagllama] forecast batch 640 (batch_size=16) — 23:53:25
    [lagllama] forecast batch 650 (batch_size=16) — 23:56:11
    [lagllama] forecast batch 660 (batch_size=16) — 23:58:57
    [lagllama] forecast batch 670 (batch_size=16) — 00:01:43
    [lagllama] forecast batch 680 (batch_size=16) — 00:04:30
    [lagllama] forecast batch 690 (batch_size=16) — 00:07:16
    [lagllama] forecast batch 700 (batch_size=16) — 00:10:02
    [lagllama] forecast batch 710 (batch_size=16) — 00:12:48
    [lagllama] forecast batch 720 (batch_size=16) — 00:15:34
    [lagllama] forecast batch 730 (batch_size=16) — 00:18:21
    [lagllama] forecast batch 740 (batch_size=16) — 00:21:07
    [lagllama] forecast batch 750 (batch_size=16) — 00:23:53
    [lagllama] forecast batch 760 (batch_size=16) — 00:26:39
    [lagllama] forecast batch 770 (batch_size=16) — 00:29:25
    [lagllama] forecast batch 780 (batch_size=16) — 00:32:11
    [lagllama] forecast batch 790 (batch_size=16) — 00:34:58
    [lagllama] forecast batch 800 (batch_size=16) — 00:37:44
    [lagllama] forecast batch 810 (batch_size=16) — 00:40:30
    [lagllama] forecast batch 820 (batch_size=16) — 00:43:16
    [lagllama] forecast batch 830 (batch_size=16) — 00:46:02
    [lagllama] forecast batch 840 (batch_size=16) — 00:48:49
    [lagllama] forecast batch 850 (batch_size=16) — 00:51:35
    [lagllama] forecast batch 860 (batch_size=16) — 00:54:21
    [lagllama] forecast batch 870 (batch_size=16) — 00:57:07
    [lagllama] forecast batch 880 (batch_size=16) — 00:59:53
    [lagllama] forecast batch 890 (batch_size=16) — 01:02:40
    [lagllama] forecast batch 900 (batch_size=16) — 01:05:26
    [lagllama] forecast batch 910 (batch_size=16) — 01:08:12
    [lagllama] forecast batch 920 (batch_size=16) — 01:10:58
    [lagllama] forecast batch 930 (batch_size=16) — 01:13:44
    [lagllama] forecast batch 940 (batch_size=16) — 01:16:31
    [lagllama] forecast batch 950 (batch_size=16) — 01:19:17
    [lagllama] forecast batch 960 (batch_size=16) — 01:22:03
    [lagllama] forecast batch 970 (batch_size=16) — 01:24:49
    [lagllama] forecast batch 980 (batch_size=16) — 01:27:35
    [lagllama] forecast batch 990 (batch_size=16) — 01:30:22
    [lagllama] forecast batch 1000 (batch_size=16) — 01:33:08
    [lagllama] forecast batch 1010 (batch_size=16) — 01:35:54
    [lagllama] forecast batch 1020 (batch_size=16) — 01:38:40
    [lagllama] forecast batch 1030 (batch_size=16) — 01:41:26
    [lagllama] forecast batch 1040 (batch_size=16) — 01:44:13
    [lagllama] forecast batch 1050 (batch_size=16) — 01:46:59
    [lagllama] forecast batch 1060 (batch_size=16) — 01:49:45
    [lagllama] forecast batch 1070 (batch_size=16) — 01:52:31
    [lagllama] forecast batch 1080 (batch_size=16) — 01:55:17
    [lagllama] forecast batch 1090 (batch_size=16) — 01:58:04
    [lagllama] forecast batch 1100 (batch_size=16) — 02:00:50
    [lagllama] forecast batch 1110 (batch_size=16) — 02:03:36
    [lagllama] forecast batch 1120 (batch_size=16) — 02:06:22
    [lagllama] forecast batch 1130 (batch_size=16) — 02:09:08
    [lagllama] forecast batch 1140 (batch_size=16) — 02:11:55
    [lagllama] forecast batch 1150 (batch_size=16) — 02:14:41
    [lagllama] forecast batch 1160 (batch_size=16) — 02:17:27
    [lagllama] forecast batch 1170 (batch_size=16) — 02:20:13
    [lagllama] forecast batch 1180 (batch_size=16) — 02:22:59
    [lagllama] forecast batch 1190 (batch_size=16) — 02:25:45
    [lagllama] forecast batch 1200 (batch_size=16) — 02:28:32
    [lagllama] forecast batch 1210 (batch_size=16) — 02:31:18
    [lagllama] forecast batch 1220 (batch_size=16) — 02:34:04
    [lagllama] forecast batch 1230 (batch_size=16) — 02:36:50
    [lagllama] forecast batch 1240 (batch_size=16) — 02:39:36
    [lagllama] forecast batch 1250 (batch_size=16) — 02:42:23
    [lagllama] forecast batch 1260 (batch_size=16) — 02:45:09
    [lagllama] forecast batch 1270 (batch_size=16) — 02:47:55
    [lagllama] forecast batch 1280 (batch_size=16) — 02:50:41
    [lagllama] forecast batch 1290 (batch_size=16) — 02:53:27
    [lagllama] forecast batch 1300 (batch_size=16) — 02:56:14
    [lagllama] forecast batch 1310 (batch_size=16) — 02:59:00
    [lagllama] forecast batch 1320 (batch_size=16) — 03:01:46
    [lagllama] forecast batch 1330 (batch_size=16) — 03:04:32
    [lagllama] forecast batch 1340 (batch_size=16) — 03:07:18
    [lagllama] forecast batch 1350 (batch_size=16) — 03:10:05
    [lagllama] forecast batch 1360 (batch_size=16) — 03:12:51
    [lagllama] forecast batch 1370 (batch_size=16) — 03:15:37
    [lagllama] forecast batch 1380 (batch_size=16) — 03:18:23
    [lagllama] forecast batch 1390 (batch_size=16) — 03:21:09
    [lagllama] forecast batch 1400 (batch_size=16) — 03:23:56
    [lagllama] forecast batch 1410 (batch_size=16) — 03:26:42
    [lagllama] forecast batch 1420 (batch_size=16) — 03:29:28
    [lagllama] forecast batch 1430 (batch_size=16) — 03:32:14
    [lagllama] forecast batch 1440 (batch_size=16) — 03:35:00
    [lagllama] forecast batch 1450 (batch_size=16) — 03:37:47
    [lagllama] forecast batch 1460 (batch_size=16) — 03:40:33
    [lagllama] forecast batch 1470 (batch_size=16) — 03:43:19
    [lagllama] forecast batch 1480 (batch_size=16) — 03:46:05
    [lagllama] forecast batch 1490 (batch_size=16) — 03:48:52
    [lagllama] forecast batch 1500 (batch_size=16) — 03:51:38
    [lagllama] forecast batch 1510 (batch_size=16) — 03:54:24
    [lagllama] forecast batch 1520 (batch_size=16) — 03:57:10
    [lagllama] forecast batch 1530 (batch_size=16) — 03:59:56
    [lagllama] forecast batch 1540 (batch_size=16) — 04:02:43
    [lagllama] forecast batch 1550 (batch_size=16) — 04:05:29
    [lagllama] forecast batch 1560 (batch_size=16) — 04:08:15
    [lagllama] forecast batch 1570 (batch_size=16) — 04:11:01
    [lagllama] forecast batch 1580 (batch_size=16) — 04:13:47
    [lagllama] forecast batch 1590 (batch_size=16) — 04:16:34
    [lagllama] forecast batch 1600 (batch_size=16) — 04:19:20
    [lagllama] forecast batch 1610 (batch_size=16) — 04:22:06
    [lagllama] forecast batch 1620 (batch_size=16) — 04:24:52
    [lagllama] forecast batch 1630 (batch_size=16) — 04:27:38
    [lagllama] forecast batch 1640 (batch_size=16) — 04:30:24
    [lagllama] forecast batch 1650 (batch_size=16) — 04:33:11
    [lagllama] forecast batch 1660 (batch_size=16) — 04:35:57
    [lagllama] forecast batch 1670 (batch_size=16) — 04:38:43
    [lagllama] forecast batch 1680 (batch_size=16) — 04:41:29
    [lagllama] forecast batch 1690 (batch_size=16) — 04:44:16
    [lagllama] forecast batch 1700 (batch_size=16) — 04:47:02
    [lagllama] forecast batch 1710 (batch_size=16) — 04:49:48
    [lagllama] forecast batch 1720 (batch_size=16) — 04:52:34
    [lagllama] forecast batch 1730 (batch_size=16) — 04:55:20
    [lagllama] forecast batch 1740 (batch_size=16) — 04:58:07
    [lagllama] forecast batch 1750 (batch_size=16) — 05:00:53
    [lagllama] forecast batch 1760 (batch_size=16) — 05:03:39
    [lagllama] forecast batch 1770 (batch_size=16) — 05:06:25
    [lagllama] forecast batch 1780 (batch_size=16) — 05:09:11
    [lagllama] forecast batch 1790 (batch_size=16) — 05:11:58
    [lagllama] forecast batch 1800 (batch_size=16) — 05:14:44
    [lagllama] forecast batch 1810 (batch_size=16) — 05:17:30
    [lagllama] forecast batch 1820 (batch_size=16) — 05:20:16
    [lagllama] forecast batch 1830 (batch_size=16) — 05:23:03
    [lagllama] forecast batch 1840 (batch_size=16) — 05:25:49
    [lagllama] forecast batch 1850 (batch_size=16) — 05:28:35
    [lagllama] forecast batch 1860 (batch_size=16) — 05:31:21
    [lagllama] forecast batch 1870 (batch_size=16) — 05:34:07
    [lagllama] forecast batch 1880 (batch_size=16) — 05:36:54
    [lagllama] forecast batch 1890 (batch_size=16) — 05:39:40
    [lagllama] forecast batch 1900 (batch_size=16) — 05:42:26
    [lagllama] forecast batch 1910 (batch_size=16) — 05:45:12
    [lagllama] forecast batch 1920 (batch_size=16) — 05:47:58
    [lagllama] forecast batch 1930 (batch_size=16) — 05:50:45
    [lagllama] forecast batch 1940 (batch_size=16) — 05:53:31
    [lagllama] forecast batch 1950 (batch_size=16) — 05:56:17
    [lagllama] forecast batch 1960 (batch_size=16) — 05:59:03
    [lagllama] forecast batch 1970 (batch_size=16) — 06:01:49
    [lagllama] forecast batch 1980 (batch_size=16) — 06:04:36
    [lagllama] forecast batch 1990 (batch_size=16) — 06:07:22
    [lagllama] forecast batch 2000 (batch_size=16) — 06:10:08
    [lagllama] forecast batch 2010 (batch_size=16) — 06:12:54
    [lagllama] forecast batch 2020 (batch_size=16) — 06:15:41
    [lagllama] forecast batch 2030 (batch_size=16) — 06:18:27
    [lagllama] forecast batch 2040 (batch_size=16) — 06:21:13
    [lagllama] forecast batch 2050 (batch_size=16) — 06:23:59
    [lagllama] forecast batch 2060 (batch_size=16) — 06:26:45
    [lagllama] forecast batch 2070 (batch_size=16) — 06:29:32
    [lagllama] forecast batch 2080 (batch_size=16) — 06:32:18
    [lagllama] forecast batch 2090 (batch_size=16) — 06:35:04
    [lagllama] forecast batch 2100 (batch_size=16) — 06:37:50
    [lagllama] forecast batch 2110 (batch_size=16) — 06:40:36
    [lagllama] forecast batch 2120 (batch_size=16) — 06:43:23
    [lagllama] forecast batch 2130 (batch_size=16) — 06:46:09
    [lagllama] forecast batch 2140 (batch_size=16) — 06:48:55
    [lagllama] forecast batch 2150 (batch_size=16) — 06:51:41
    [lagllama] forecast batch 2160 (batch_size=16) — 06:54:27
    [lagllama] forecast batch 2170 (batch_size=16) — 06:57:14
    [lagllama] forecast batch 2180 (batch_size=16) — 07:00:00
    [lagllama] forecast batch 2190 (batch_size=16) — 07:02:46
    [lagllama] forecast batch 2200 (batch_size=16) — 07:05:32
    [lagllama] forecast batch 2210 (batch_size=16) — 07:08:18
    [lagllama] forecast batch 2220 (batch_size=16) — 07:11:04
    [lagllama] forecast batch 2230 (batch_size=16) — 07:13:51
    [lagllama] forecast batch 2240 (batch_size=16) — 07:16:37
    [lagllama] forecast batch 2250 (batch_size=16) — 07:19:23
    [lagllama] forecast batch 2260 (batch_size=16) — 07:22:09
    [lagllama] forecast batch 2270 (batch_size=16) — 07:24:55
    [lagllama] forecast batch 2280 (batch_size=16) — 07:27:41
    [lagllama] forecast batch 2290 (batch_size=16) — 07:30:28
    [lagllama] forecast batch 2300 (batch_size=16) — 07:33:14
  [lagllama] extracting val embeddings...
    [lagllama] forecast batch 2310 (batch_size=16) — 07:35:33
    [lagllama] forecast batch 2320 (batch_size=16) — 07:38:19
    [lagllama] forecast batch 2330 (batch_size=16) — 07:41:05
    [lagllama] forecast batch 2340 (batch_size=16) — 07:43:51
    [lagllama] forecast batch 2350 (batch_size=16) — 07:46:38
    [lagllama] forecast batch 2360 (batch_size=16) — 07:49:24
    [lagllama] forecast batch 2370 (batch_size=16) — 07:52:10
    [lagllama] forecast batch 2380 (batch_size=16) — 07:54:56
    [lagllama] forecast batch 2390 (batch_size=16) — 07:57:42
    [lagllama] forecast batch 2400 (batch_size=16) — 08:00:28
    [lagllama] forecast batch 2410 (batch_size=16) — 08:03:15
    [lagllama] forecast batch 2420 (batch_size=16) — 08:06:01
    [lagllama] forecast batch 2430 (batch_size=16) — 08:08:47
    [lagllama] forecast batch 2440 (batch_size=16) — 08:11:33
    [lagllama] forecast batch 2450 (batch_size=16) — 08:14:19
    [lagllama] forecast batch 2460 (batch_size=16) — 08:17:06
    [lagllama] forecast batch 2470 (batch_size=16) — 08:19:52
    [lagllama] forecast batch 2480 (batch_size=16) — 08:22:38
    [lagllama] forecast batch 2490 (batch_size=16) — 08:25:24
    [lagllama] forecast batch 2500 (batch_size=16) — 08:28:10
    [lagllama] forecast batch 2510 (batch_size=16) — 08:30:56
    [lagllama] forecast batch 2520 (batch_size=16) — 08:33:43
    [lagllama] forecast batch 2530 (batch_size=16) — 08:36:29
    [lagllama] forecast batch 2540 (batch_size=16) — 08:39:15
    [lagllama] forecast batch 2550 (batch_size=16) — 08:42:01
    [lagllama] forecast batch 2560 (batch_size=16) — 08:44:48
    [lagllama] forecast batch 2570 (batch_size=16) — 08:47:34
    [lagllama] forecast batch 2580 (batch_size=16) — 08:50:20
    [lagllama] forecast batch 2590 (batch_size=16) — 08:53:06
    [lagllama] forecast batch 2600 (batch_size=16) — 08:55:53
    [lagllama] forecast batch 2610 (batch_size=16) — 08:58:39
    [lagllama] forecast batch 2620 (batch_size=16) — 09:01:25
    [lagllama] forecast batch 2630 (batch_size=16) — 09:04:11
    [lagllama] forecast batch 2640 (batch_size=16) — 09:06:57
    [lagllama] forecast batch 2650 (batch_size=16) — 09:09:44
    [lagllama] forecast batch 2660 (batch_size=16) — 09:12:30
    [lagllama] forecast batch 2670 (batch_size=16) — 09:15:16
    [lagllama] forecast batch 2680 (batch_size=16) — 09:18:02
    [lagllama] forecast batch 2690 (batch_size=16) — 09:20:48
    [lagllama] forecast batch 2700 (batch_size=16) — 09:23:35
    [lagllama] forecast batch 2710 (batch_size=16) — 09:26:21
    [lagllama] forecast batch 2720 (batch_size=16) — 09:29:07
    [lagllama] forecast batch 2730 (batch_size=16) — 09:31:53
    [lagllama] forecast batch 2740 (batch_size=16) — 09:34:39
    [lagllama] forecast batch 2750 (batch_size=16) — 09:37:26
    [lagllama] forecast batch 2760 (batch_size=16) — 09:40:12
  [lagllama] extracting test embeddings...
    [lagllama] forecast batch 2770 (batch_size=16) — 09:42:54
    [lagllama] forecast batch 2780 (batch_size=16) — 09:45:40
    [lagllama] forecast batch 2790 (batch_size=16) — 09:48:26
    [lagllama] forecast batch 2800 (batch_size=16) — 09:51:13
    [lagllama] forecast batch 2810 (batch_size=16) — 09:53:59
    [lagllama] forecast batch 2820 (batch_size=16) — 09:56:45
    [lagllama] forecast batch 2830 (batch_size=16) — 09:59:31
    [lagllama] forecast batch 2840 (batch_size=16) — 10:02:17
    [lagllama] forecast batch 2850 (batch_size=16) — 10:05:04
    [lagllama] forecast batch 2860 (batch_size=16) — 10:07:50
    [lagllama] forecast batch 2870 (batch_size=16) — 10:10:36
    [lagllama] forecast batch 2880 (batch_size=16) — 10:13:22
    [lagllama] forecast batch 2890 (batch_size=16) — 10:16:08
    [lagllama] forecast batch 2900 (batch_size=16) — 10:18:55
    [lagllama] forecast batch 2910 (batch_size=16) — 10:21:41
    [lagllama] forecast batch 2920 (batch_size=16) — 10:24:27
    [lagllama] forecast batch 2930 (batch_size=16) — 10:27:13
    [lagllama] forecast batch 2940 (batch_size=16) — 10:30:00
    [lagllama] forecast batch 2950 (batch_size=16) — 10:32:46
    [lagllama] forecast batch 2960 (batch_size=16) — 10:35:32
    [lagllama] forecast batch 2970 (batch_size=16) — 10:38:18
    [lagllama] forecast batch 2980 (batch_size=16) — 10:41:05
    [lagllama] forecast batch 2990 (batch_size=16) — 10:43:51
    [lagllama] forecast batch 3000 (batch_size=16) — 10:46:37
    [lagllama] forecast batch 3010 (batch_size=16) — 10:49:23
    [lagllama] forecast batch 3020 (batch_size=16) — 10:52:09
    [lagllama] forecast batch 3030 (batch_size=16) — 10:54:56
    [lagllama] forecast batch 3040 (batch_size=16) — 10:57:42
    [lagllama] forecast batch 3050 (batch_size=16) — 11:00:28
    [lagllama] forecast batch 3060 (batch_size=16) — 11:03:14
    [lagllama] forecast batch 3070 (batch_size=16) — 11:06:00
    [lagllama] forecast batch 3080 (batch_size=16) — 11:08:47
    [lagllama] forecast batch 3090 (batch_size=16) — 11:11:33
/esat/smcdata/users/kkontras/Image_Dataset/no_backup/envs/tsenv_fm/lib/python3.10/site-packages/joblib/externals/loky/backend/resource_tracker.py:359: UserWarning: resource_tracker: There appear to be 6 leaked semlock objects to clean up at shutdown
  warnings.warn(
/esat/smcdata/users/kkontras/Image_Dataset/no_backup/envs/tsenv_fm/lib/python3.10/site-packages/joblib/externals/loky/backend/resource_tracker.py:359: UserWarning: resource_tracker: There appear to be 5 leaked folder objects to clean up at shutdown
  warnings.warn(
